// Jest Snapshot v1, https://goo.gl/fbAQLP

exports[`<Checkbox /> should render correctly 1`] = `
<div
  className="flexRow container"
>
  <input
    name="yesno"
    type="checkbox"
  />
  <label
    htmlFor="yesno"
  >
    oui
  </label>
</div>
`;
