// Jest Snapshot v1, https://goo.gl/fbAQLP

exports[`renders correctly 1`] = `
<div>
  <div
    class="flexCol frame"
  >
    <span>
      AD
    </span>
  </div>
</div>
`;
